---
source: crates/agm-core/tests/integration_diff.rs
expression: output
---
# AGM Semantic Diff

## Summary

| Metric | Count |
|---|---|
| Nodes added | 0 |
| Nodes removed | 0 |
| Nodes modified | 0 |
| Nodes unchanged | 1 |
| Header changes | 3 |
| **Breaking changes** | No |

## Header Changes

| Field | Change | Old | New | Severity |
|---|---|---|---|---|
| version | modified | 0.1.0 | 0.2.0 | info |
| title | added | -- | Test Header Package | info |
| status | modified | draft | stable | minor |
