---
source: crates/agm-core/tests/renderer_snapshots.rs
assertion_line: 99
expression: output
---
agm: 1.2
package: test.ticket
version: 1.0.0

node octopus.ticket.add-auth
type: ticket
title: Add OAuth2 login flow
description: Add Google OAuth2 login to the dashboard.
action: create
sdd_phase: backlog
labels: [auth, security]
priority: high
summary: add OAuth2 login with CSRF-safe callback
